graphenedb_tests_passed=true
